实例生成完成 训练 240 开发 120，耗时 394s
不学习对照 耗时 515s
bpl seed 0 S 0.9618 J 0.2642 准确率 0.829 耗时 594s
bpl seed 1 S 0.9609 J 0.2652 准确率 0.827 耗时 672s
bpl seed 2 S 0.9625 J 0.2654 准确率 0.830 耗时 751s
bpl+relax seed 0 S 0.9737 J 0.2682 准确率 0.855 耗时 859s
bpl+relax seed 1 S 0.9741 J 0.2693 准确率 0.852 耗时 968s
bpl+relax seed 2 S 0.9746 J 0.2693 准确率 0.852 耗时 1079s
bpl+noise seed 0 S 0.9607 J 0.2664 准确率 0.816 耗时 1162s
bpl+noise seed 1 S 0.9594 J 0.2642 准确率 0.824 耗时 1242s
bpl+noise seed 2 S 0.9590 J 0.2633 准确率 0.825 耗时 1321s

==== 开发集汇总（跨种子均值 ± 标准差；S 高好，J 低好）====
变体                         S               J     准确率
qp_round              0.9752          0.2675        
qp_diving             0.9799          0.2739        
bpl            0.9617±0.0007   0.2650±0.0005   0.828
bpl+relax      0.9741±0.0003   0.2689±0.0005   0.853
bpl+noise      0.9597±0.0007   0.2646±0.0013   0.822

==== 配对检验（按开发集实例配对，种子平均后）====
bpl+relax    相对 bpl：ΔS +0.0124 p=0.0000；ΔJ +0.0040 p=0.3322
bpl+noise    相对 bpl：ΔS -0.0020 p=0.0752；ΔJ -0.0003 p=0.6346
bpl+relax 相对 qp_round：ΔS -0.0011 p=0.3813；ΔJ +0.0014 p=0.0033
bpl+relax 相对 qp_diving：ΔS -0.0057 p=0.0002；ΔJ -0.0050 p=0.0716

==== 分组（bpl 对 bpl+relax 的 ΔS、ΔJ）====
业务数 10 LF 1.0: ΔS -0.0000 ΔJ -0.0065  qp_diving S 1.0000 bpl+relax S 0.9980
业务数 10 LF 1.2: ΔS +0.0104 ΔJ +0.0007  qp_diving S 0.9850 bpl+relax S 0.9754
业务数 10 LF 1.5: ΔS +0.0250 ΔJ +0.0189  qp_diving S 0.9537 bpl+relax S 0.9378
业务数 20 LF 1.0: ΔS +0.0037 ΔJ -0.0081  qp_diving S 1.0000 bpl+relax S 1.0000
业务数 20 LF 1.2: ΔS +0.0138 ΔJ +0.0032  qp_diving S 0.9870 bpl+relax S 0.9839
业务数 20 LF 1.5: ΔS +0.0215 ΔJ +0.0157  qp_diving S 0.9536 bpl+relax S 0.9496

总耗时 1322s
